// Jest Snapshot v1, https://goo.gl/fbAQLP

exports[`renders to match snapshot 1`] = `
<DocumentFragment>
  <div
    style="display: flex; flex-direction: column; font-size: 50%;"
  >
    <div>
      Browser
    </div>
    <div>
      WebKit
    </div>
  </div>
</DocumentFragment>
`;
