// Jest Snapshot v1, https://goo.gl/fbAQLP

exports[`hidden view renders to match snapshot 1`] = `
<DocumentFragment>
  <div
    style="height: 5vh; display: flex; width: 96%; flex-direction: row-reverse; border-radius: 10px;"
  >
    <div
      data-testid="stats-ribbon-hidden"
      style="display: flex; height: 100%; align-items: center; flex-direction: row-reverse; background-color: rebeccapurple; justify-content: center; border-radius: 10px;"
    >
      â—€
    </div>
  </div>
</DocumentFragment>
`;

exports[`initial view renders to match snapshot 1`] = `
<DocumentFragment>
  <div
    data-testid="stats-ribbon"
    style="height: 5vh; display: flex; width: 97%; align-items: center; flex-direction: row-reverse; background-color: rebeccapurple; border-radius: 10px;"
  >
    <div
      style="display: flex; height: 100%; width: 10%; align-items: center;"
    >
      <div
        style="font-size: 10px; display: flex; flex-direction: column;"
      >
        <div>
          Window Size
        </div>
        <div>
          1024 x 768
        </div>
      </div>
    </div>
  </div>
</DocumentFragment>
`;
