// Jest Snapshot v1, https://goo.gl/fbAQLP

exports[`renders to match snapshot 1`] = `
<DocumentFragment>
  <div
    style="font-size: 10px; display: flex; flex-direction: column;"
  >
    <div>
      Window Size
    </div>
    <div>
      1024 x 768
    </div>
  </div>
</DocumentFragment>
`;
