// Jest Snapshot v1, https://goo.gl/fbAQLP

exports[`renders to match snapshot 1`] = `
<div
  className="App-text"
>
  <div>
    description Field
  </div>
  <div>
    <a
      className="App-link"
      href="https://example.com"
    >
      linkId Field
    </a>
  </div>
  <br />
</div>
`;
