// Jest Snapshot v1, https://goo.gl/fbAQLP

exports[`renders to match snapshot 1`] = `
<div
  style={
    {
      "alignItems": "center",
      "backgroundColor": "steelblue",
      "borderRadius": 10,
      "display": "flex",
      "fontSize": 20,
      "height": 60,
      "justifyContent": "center",
      "width": "25%",
    }
  }
  title="This component is a work-in-progress! I'm currently iterating on it."
>
  work in progress
</div>
`;
