// Jest Snapshot v1, https://goo.gl/fbAQLP

exports[`renders to match snapshot 1`] = `
<div>
  <h1>
    Links
  </h1>
  <div
    className="App-text"
  >
    <div>
      GitHub
    </div>
    <div>
      <a
        className="App-link"
        href="https://github.com/atb-brown"
      >
        atb-brown
      </a>
    </div>
    <br />
  </div>
  <div
    className="App-text"
  >
    <div>
      StackOverflow
    </div>
    <div>
      <a
        className="App-link"
        href="https://stackoverflow.com/users/5476186/austin-brown"
      >
        5476186/austin-brown
      </a>
    </div>
    <br />
  </div>
  <div
    className="App-text"
  >
    <div>
      LinkedIn
    </div>
    <div>
      <a
        className="App-link"
        href="https://www.linkedin.com/in/austin-brown-06382a12a/"
      >
        austin-brown-06382a12a
      </a>
    </div>
    <br />
  </div>
  <div
    className="App-text"
  >
    <div>
      Scrum Master Certification
    </div>
    <div>
      <a
        className="App-link"
        href="https://bcert.me/sixkczuof"
      >
        sixkczuof
      </a>
    </div>
    <div
      className="App-soft-text"
    >
      Issued by: 
      <a
        className="App-link"
        href="https://www.scrumalliance.org/"
      >
        Scrum Alliance, Inc.
      </a>
    </div>
    <br />
  </div>
  <div
    className="App-text"
  >
    <div>
      SAFe 5 Scrum Master Certification
    </div>
    <div>
      <a
        className="App-link"
        href="https://www.credly.com/badges/18e3c923-956c-4525-b857-5f9c0dfb9713/public_url"
      >
        18e3c923-956c-4525-b857-5f9c0dfb9713
      </a>
    </div>
    <div
      className="App-soft-text"
    >
      Issued by: 
      <a
        className="App-link"
        href="https://scaledagile.com/"
      >
        Scaled Agile, Inc.
      </a>
    </div>
    <br />
  </div>
</div>
`;
